// Jest Snapshot v1, https://jestjs.io/docs/snapshot-testing

exports[`ULThemeLink Component renders correctly and matches snapshot 1`] = `
<div>
  <a
    aria-disabled="false"
    class="focus-within:ring-ring inline-flex items-center gap-2 rounded-md py-0.5 underline-offset-4 transition-colors focus:ring-3 focus-visible:outline-hidden underline text-link-focus text-(length:--ul-theme-font-links-size) font-(weight:--ul-theme-font-links-weight) focus:rounded-(--ul-theme-border-links-border-radius) hover:text-link-focus/80 theme-universal:focus:outline-none theme-universal:focus:ring-4 theme-universal:focus:ring-base-focus/15 theme-universal:focus:bg-base-focus/15 custom-class"
    href="https://example.com"
  >
    Example Link
  </a>
</div>
`;
